mariadb/bitnami
mariadb/ironbank
mariadb/official
cassandra/official
mongodb/bitnami
mongodb/official
mysql/bitnami
mysql/ironbank
mysql/official
nginx/bitnami
postgresql/bitnami
redis/bitnami
redis-cluster/bitnami
envoy/bitnami
fluentd/bitnami
oncall/grafana
influxdb/bitnami
etcd/bitnami
nats/bitnami
redis/ironbank
redis/official
postgresql/official
postgresql/ironbank
nginx/ironbank
prometheus/bitnami
wordpress/bitnami
rabbitmq/bitnami
apache/bitnami
airflow/airflow/bitnami
airflow/airflow-scheduler/bitnami
airflow/airflow-worker/bitnami
curl/curlimages
memcached/bitnami
zookeeper/bitnami
consul/bitnami
haproxy/bitnami
kong/official
traefik/traefik
apache/official
nginx/official
vault/hashicorp
haproxy/official
zookeeper/official
consul/official
memcached/official
couchdb/bitnami
couchdb/official
yourls/official
elasticsearch/bitnami
telegraf/bitnami
ghost/bitnami
zookeeper/ironbank
haproxy/ironbank
memcached/ironbank
couchdb/ironbank
consul/ironbank
mongodb/ironbank
apache/ironbank
envoy/official
nats/official
fluentd/ironbank
fluentd/official
microsoft-sql-server-2019/ironbank
elasticsearch/official
wordpress/ironbank
grafana/ironbank
prometheus/ironbank
etcd/ironbank
traefik/ironbank
nats/ironbank
airflow/airflow/ironbank
keycloak/official
fluent-bit/ironbank
fluent-bit/bitnami
nifi/ironbank