mariadb/bitnami
mariadb/ironbank
mariadb/official
cassandra/official
mongodb/bitnami
mongodb/official
mysql/bitnami
mysql/ironbank
mysql/official
nginx/bitnami
postgresql/bitnami
redis/bitnami
redis-cluster/bitnami
envoy/bitnami
fluentd/bitnami
oncall/grafana
influxdb/bitnami
etcd/bitnami
nats/bitnami
redis/ironbank
redis/official
postgresql/official
postgresql/ironbank
nginx/ironbank
prometheus/bitnami
wordpress/bitnami
rabbitmq/bitnami
apache/bitnami
airflow/airflow/bitnami
airflow/airflow-scheduler/bitnami
airflow/airflow-worker/bitnami
curl/curlimages
memcached/bitnami
zookeeper/bitnami
consul/bitnami
haproxy/bitnami
kong/official
traefik/traefik
apache/official
nginx/official
vault/hashicorp
haproxy/official
zookeeper/official
consul/official
memcached/official
couchdb/bitnami
couchdb/official
yourls/official
elasticsearch/bitnami
telegraf/bitnami
ghost/bitnami
zookeeper/ironbank
haproxy/ironbank
memcached/ironbank
couchdb/ironbank
consul/ironbank
mongodb/ironbank
apache/ironbank
envoy/official
nats/official
fluentd/ironbank
fluentd/official
microsoft-sql-server-2019/ironbank
elasticsearch/official
wordpress/ironbank
grafana/ironbank
prometheus/ironbank
etcd/ironbank
traefik/ironbank
nats/ironbank
airflow/airflow/ironbank
keycloak/official
fluent-bit/ironbank
fluent-bit/bitnami
nifi/ironbank
node-exporter/bitnami
node-exporter/ironbank
moodle/ironbank
argocd/quay
vault-k8s/ironbank
pause/ironbank
chart-testing/ironbank
logstash/ironbank
airflow/airflow-scheduler/bitnami-ironbank
airflow/airflow-worker/bitnami-ironbank
airflow/airflow/bitnami-ironbank
kafka/ironbank
terraform/ironbank
kibana/ironbank
filebeat/ironbank
metricbeat/ironbank
ansible/ironbank
tika/ironbank
bats/ironbank
minio-operator/ironbank
hadolint/ironbank
packetbeat/ironbank
git-lfs/ironbank
terragrunt/ironbank
mkdocs/ironbank
rabbitmq/official
ansible-lint/ironbank
node-exporter/official
kaniko/ironbank
heartbeat/ironbank
vault/ironbank
auditbeat/ironbank
tomcat/ironbank
postgres-exporter/bitnami-ironbank
redis-exporter/ironbank
metabase/ironbank
argocd/ironbank
argocd/bigbang-ironbank
k8s-sidecar/official
postgres-exporter/ironbank
gitlab-runner/ironbank
kafka-exporter/ironbank
fluent-bit/official
prometheus/official
pgadmin/ironbank
velero/ironbank
fluxcd-helm-controller/ironbank
fluxcd-image-automation-controller/ironbank
fluxcd-image-reflector-controller/ironbank
fluxcd-kustomize-controller/ironbank
fluxcd-notification-controller/ironbank
fluxcd-source-controller/ironbank
blackbox-exporter/ironbank
kubectl/ironbank
elasticsearch-exporter/ironbank
k8s-sidecar/ironbank
gatekeeper/ironbank