mariadb/ironbank
mariadb/official
cassandra/official
mongodb/official
mysql/ironbank
mysql/official
oncall/grafana
redis/ironbank
redis/official
postgresql/official
postgresql/ironbank
nginx/ironbank
curl/curlimages
kong/official
traefik/traefik
apache/official
nginx/official
vault/hashicorp
haproxy/official
zookeeper/official
consul/official
memcached/official
couchdb/official
yourls/official
zookeeper/ironbank
haproxy/ironbank
memcached/ironbank
couchdb/ironbank
consul/ironbank
mongodb/ironbank
apache/ironbank
envoy/official
nats/official
fluentd/ironbank
fluentd/official
microsoft-sql-server-2019/ironbank
elasticsearch/official
wordpress/ironbank
grafana/ironbank
prometheus/ironbank
etcd/ironbank
traefik/ironbank
nats/ironbank
airflow/airflow/ironbank
keycloak/official
fluent-bit/ironbank
nifi/ironbank
node-exporter/ironbank
moodle/ironbank
argocd/quay
vault-k8s/ironbank
pause/ironbank
chart-testing/ironbank
logstash/ironbank
terraform/ironbank
kibana/ironbank
filebeat/ironbank
metricbeat/ironbank
ansible/ironbank
tika/ironbank
bats/ironbank
minio-operator/ironbank
hadolint/ironbank
packetbeat/ironbank
git-lfs/ironbank
terragrunt/ironbank
mkdocs/ironbank
rabbitmq/official
ansible-lint/ironbank
node-exporter/official
kaniko/ironbank
heartbeat/ironbank
vault/ironbank
auditbeat/ironbank
tomcat9/ironbank
tomcat10/ironbank
tomcat/ironbank
metabase/ironbank
argocd/ironbank
argocd/bigbang-ironbank
k8s-sidecar/official
postgres-exporter/ironbank
gitlab-runner/ironbank
fluent-bit/official
prometheus/official
pgadmin/ironbank
velero/ironbank
fluxcd-helm-controller/ironbank
fluxcd-image-automation-controller/ironbank
fluxcd-image-reflector-controller/ironbank
fluxcd-kustomize-controller/ironbank
fluxcd-notification-controller/ironbank
fluxcd-source-controller/ironbank
blackbox-exporter/ironbank
kubectl/ironbank
gitlab-container-registry/ironbank
k8s-sidecar/ironbank
gatekeeper/ironbank
zeek/ironbank
yq/ironbank
sqlite/ironbank
nifi-registry/ironbank
alertmanager/ironbank
openldap/ironbank
shellcheck/ironbank
mc/ironbank
fluentd-elasticsearch/ironbank
vcluster/ironbank
alloy/ironbank
solr-8/ironbank
thanos/ironbank
podman/ironbank
jmx-exporter/ironbank
gitlab-certificates/ironbank
eck-operator/ironbank
prometheus-config-reloader/ironbank
grafana/official
osee-postgres/ironbank
minio/ironbank
gitlab-exporter/ironbank
tempo-query/ironbank
metrics-server/ironbank
ceph/ironbank
kube-webhook-certgen/ironbank
prometheus-operator/ironbank
gitlab-workhorse/ironbank
gitlab-cfssl-self-sign/ironbank
gitaly/ironbank
dex/ironbank
gitlab-kas/ironbank
cass/ironbank
kyverno-background-controller/ironbank
grafana-plugins/ironbank
gitaly/ironbank
postfix/ironbank
kyverno-reports-controller/ironbank
kyverno-cleanup-controller/ironbank
opa/ironbank
gitlab-shell/ironbank
minio-operator-sidecar/ironbank
tflint/ironbank
coredns/ironbank
buildah/ironbank
certtool/ironbank
fluentd-kubernetes-daemonset/ironbank
kongkic/ironbank
elasticsearch-dump/ironbank
vale/ironbank
minio-console/ironbank
skopeo/ironbank
redis-sentinel/ironbank
boundary/ironbank
haproxy-latest/ironbank
molecule/ironbank
camel-k/ironbank
clickhouse/ironbank
jq/ironbank
ansible-operator/ironbank
k6/ironbank
registry-v2/ironbank
tomcat-openjdk8/ironbank
shellcheck/official
yq/official
influxdb/official
clickhouse/official
grafana-promtail/official
neo4j/official
elasticsearch/ironbank
concourse/official
pgbouncer/official