bitnami/redis
bitnami/nginx
bitnami/node
bitnami/php-fpm
bitnami/memcached
bitnami/apache
bitnami/mariadb
bitnami/ruby
bitnami/mongodb
bitnami/wordpress
bitnami/redmine
bitnami/drupal
bitnami/postgresql
bitnami/tomcat
bitnami/wildfly
bitnami/joomla
bitnami/rails
bitnami/express
bitnami/laravel
bitnami/mediawiki
bitnami/ghost
bitnami/owncloud
bitnami/elasticsearch
bitnami/cassandra
bitnami/rabbitmq
bitnami/phpbb
bitnami/testlink
bitnami/moodle
bitnami/jenkins
bitnami/phabricator
bitnami/odoo
bitnami/opencart
bitnami/symfony
bitnami/kibana
bitnami/codeigniter
bitnami/parse
bitnami/magento
bitnami/prestashop
bitnami/suitecrm
bitnami/minideb
bitnami/mysql
bitnami/osclass
bitnami/parse-dashboard
bitnami/orangehrm
bitnami/phpmyadmin
bitnami/discourse
bitnami/dokuwiki
bitnami/jasperreports
bitnami/solr
bitnami/codiad
bitnami/my-mean-app
bitnami/minideb-extras
bitnami/kubeless-controller
bitnami/dreamfactory
bitnami/kubeless-ui
bitnami/kubeless-event-consumer
bitnami/kubeless-python
bitnami/tensorflow-serving
bitnami/tensorflow-inception
bitnami/zookeeper
bitnami/kafka
bitnami/kubeless-nodejs
bitnami/kubeless-events
bitnami/kubeless-ruby
bitnami/kubeless-ruby-event-consumer
bitnami/kubeless-python-event-consumer
bitnami/kkcd-controller
bitnami/minideb-runtimes
bitnami/python
bitnami/java
bitnami/debian-base-buildpack
bitnami/centos-base-buildpack
bitnami/matomo
bitnami/kafka-trigger-controller
bitnami/kubeless-controller-manager
bitnami/neo4j
bitnami/consul
bitnami/cluster-autoscaler
bitnami/fluent-bit
bitnami/fluentd
bitnami/grafana
bitnami/heapster
bitnami/kube-state-metrics
bitnami/open-service-broker-azure
bitnami/prometheus
bitnami/alertmanager
bitnami/pushgateway
bitnami/service-catalog
bitnami/user-broker
bitnami/acmesolver
bitnami/cert-manager
bitnami/nats-trigger-controller
bitnami/oraclelinux-extras
bitnami/oraclelinux-base-buildpack
bitnami/function-image-builder
bitnami/kinesis-trigger-controller
bitnami/node-exporter
bitnami/blackbox-exporter
bitnami/elasticsearch-exporter
bitnami/fluentd-exporteroauth2-proxy
bitnami/redis-sentinel
bitnami/nats
bitnami/kubewatch
bitnami/etcd
bitnami/oraclelinux-runtimes
bitnami/wordpress-nginx
bitnami/minideb-extras-base
bitnami/metrics-server
bitnami/http-trigger-controller
bitnami/cronjob-trigger-controller
bitnami/external-dns
bitnami/oraclelinux-extras-base
bitnami/nginx-ingress-controller
bitnami/sonarqube
bitnami/git
bitnami/kubeapps-chartsvc
bitnami/kubeapps-chart-repo
bitnami/kubeapps-tiller-proxy
bitnami/kubeapps-dashboard
bitnami/kubeapps-apprepository-controller
bitnami/kubectl
bitnami/tensorflow-resnet
bitnami/wordpress-k8s-rds-cnab
bitnami/ubuntu-base-buildpack
bitnami/amazonlinux-base-buildpack
bitnami/drupal-nginx
bitnami/jsonnet
bitnami/canary
bitnami/canary-binary
bitnami/airflow
bitnami/airflow-scheduler
bitnami/airflow-worker
bitnami/keycloak-gatekeeper
bitnami/minio
bitnami/minio-client
bitnami/pytorch
bitnami/centos-extras-base
bitnami/mxnet
bitnami/spark
bitnami/harbor-core
bitnami/harbor-jobservice
bitnami/harbor-registry
bitnami/harbor-registryctl
bitnami/harbor-notary-server
bitnami/harbor-notary-signer
bitnami/harbor-clair
bitnami/harbor-portal
bitnami/reportserver
bitnami/reportserverenterprise
bitnami/postgres-exporter
bitnami/redis-exporter
bitnami/apache-exporter
bitnami/mysqld-exporter
bitnami/nginx-exporter
bitnami/memcached-exporter
bitnami/photon-base-buildpack
bitnami/mariadb-galera
bitnami/chartmuseum
bitnami/cassandra-exporter
bitnami/consul-exporter
bitnami/kafka-exporter
bitnami/nats-exporter
bitnami/rabbitmq-exporter
bitnami/mongodb-exporter
bitnami/airflow-exporter
bitnami/jenkins-exporter
bitnami/jmx-exporter
bitnami/zookeeper-exporter
bitnami/postgresql-repmgr
bitnami/pgpool
bitnami/kong
bitnami/couchdb
bitnami/influxdb
bitnami/influxdb-relay
bitnami/logstash
bitnami/configmap-reload
bitnami/prometheus-operator
bitnami/logstash-exporter
bitnami/elasticsearch-curator
bitnami/mongodb-sharded
bitnami/kubeapps-assetsvc
bitnami/kubeapps-asset-syncer
bitnami/harbor-adapter-clair
bitnami/golang
bitnami/thanos
bitnami/kubeapps-kubeops
bitnami/aws-cli
bitnami/azure-cli
bitnami/google-cloud-sdk
bitnami/kong-ingress-controller
bitnami/redis-cluster
bitnami/metallb-controller
bitnami/metallb-speaker
bitnami/dotnet
bitnami/dotnet-sdk
bitnami/aspnet-core
bitnami/openldap
bitnami/jruby
bitnami/nginx-ldap-auth-daemonharbor-adapter-trivy
bitnami/grafana-image-renderer
bitnami/contour
bitnami/phppgadmin
bitnami/envoy
bitnami/spring-cloud-skipper-shell
bitnami/spring-cloud-skipper
bitnami/spring-cloud-dataflow-shell
bitnami/spring-cloud-dataflow
bitnami/prometheus-rsocket-proxy
bitnami/ejbca
bitnami/node-snapshot
bitnami/python-snapshot
bitnami/percona-xtrabackup
bitnami/rclone
bitnami/telegraf
bitnami/kapacitor
bitnami/wavefront-proxy
bitnami/spring-cloud-dataflow-composed-task-runner
bitnami/wavefront-kubernetes-collector
bitnami/kiam
bitnami/kubernetes-event-exporter
bitnami/keycloak
bitnami/grafana-operator
bitnami/pgbouncer
bitnami/bitnami-shell
bitnami/kubeapps-pinniped-proxy
bitnami/trivy
bitnami/oras
bitnami/keycloak-config-cli
bitnami/redis-sentinel-exporter
bitnami/wavefront-prometheus-storage-adapter
bitnami/wavefront-adapter-for-istio
bitnami/configurable-http-proxy
bitnami/jupyterhub
bitnami/jupyter-base-notebook
bitnami/cainjector
bitnami/cert-manager-webhook
bitnami/gradle
bitnami/haproxy
bitnami/wavefront-hpa-adapter
bitnami/argo-cd
bitnami/dex
bitnami/concourse
bitnami/grafana-tempo
bitnami/grafana-tempo-vulture
bitnami/grafana-tempo-query
bitnami/openresty
bitnami/kubeapps-apis
bitnami/rabbitmq-cluster-operator
bitnami/dataplatform-emitter
bitnami/dataplatform-exporter
bitnami/kube-rbac-proxy
bitnami/contour-operator
bitnami/argo-workflow-cli
bitnami/argo-workflow-controller
bitnami/argo-workflow-exec
bitnami/geode
bitnami/rmq-default-credential-updater
bitnami/rmq-messaging-topology-operator
bitnami/gitlab-runner
bitnami/gitlab-runner-helper
bitnami/bitnami-docker-cluster-autoscaler
bitnami/nginx-intel
bitnami/wordpress-intel
bitnami/harbor-exporter
bitnami/cosign
bitnami/tensorflow-intel
bitnami/haproxy-intel
bitnami/pytorch-intel
bitnami/sealed-secrets-controller
bitnami/inc-intel
bitnami/scikit-learn-intel
bitnami/promtail
bitnami/grafana-loki
bitnami/sealed-secrets
bitnami/signing-test
bitnami/xgboost-intel
bitnami/pinniped
