https://repo1.dso.mil/dsop/opensource/ansible/ansible-lint
https://repo1.dso.mil/dsop/opensource/apache/apache2
https://repo1.dso.mil/dsop/opensource/bats/bats
https://repo1.dso.mil/dsop/hashicorp/consul/1.17
https://repo1.dso.mil/dsop/elastic/elasticsearch/elasticsearch
https://repo1.dso.mil/dsop/opensource/etcd/etcd
https://repo1.dso.mil/dsop/opensource/fluent/fluent-bit
https://repo1.dso.mil/dsop/opensource/fluentd/fluentd
https://repo1.dso.mil/dsop/opensource/fluentd/fluentd-elasticsearch
https://repo1.dso.mil/dsop/opensource/git-lfs/git-lfs
https://repo1.dso.mil/dsop/opensource/hadolint/hadolint
https://repo1.dso.mil/dsop/opensource/haproxy/haproxy20
https://repo1.dso.mil/dsop/opensource/haproxy/haproxy22
https://repo1.dso.mil/dsop/opensource/haproxy/haproxy24
https://repo1.dso.mil/dsop/opensource/mariadb/mariadb105
https://repo1.dso.mil/dsop/opensource/mariadb/mariadb106
https://repo1.dso.mil/dsop/opensource/minio/mc
https://repo1.dso.mil/dsop/opensource/memcached/memcached
https://repo1.dso.mil/dsop/opensource/mongodb/mongodb
https://repo1.dso.mil/dsop/opensource/mysql/mysql8
https://repo1.dso.mil/dsop/opensource/nginx/nginx
https://repo1.dso.mil/dsop/opensource/nginx/nginx-alpine
https://repo1.dso.mil/dsop/opensource/pause/pause
https://repo1.dso.mil/dsop/opensource/redis/redis6-alpine
https://repo1.dso.mil/dsop/opensource/shellcheck/shellcheck
https://repo1.dso.mil/dsop/opensource/sqlite/sqlite
https://repo1.dso.mil/dsop/hashicorp/terraform/1.7
https://repo1.dso.mil/dsop/opensource/traefik/traefik
https://repo1.dso.mil/dsop/opensource/yq/yq
https://repo1.dso.mil/dsop/opensource/apache/zookeeper
https://repo1.dso.mil/dsop/opensource/apache/airflow/airflow
https://repo1.dso.mil/dsop/opensource/prometheus/alertmanager
https://repo1.dso.mil/dsop/opensource/cassandra/cassandra
https://repo1.dso.mil/dsop/opensource/keycloak/keycloak
https://repo1.dso.mil/dsop/kong/kong/kong
https://repo1.dso.mil/dsop/elastic/logstash/logstash
https://repo1.dso.mil/dsop/opensource/grafana/loki
https://repo1.dso.mil/dsop/microsoft/microsoft/microsoft-sql-server-2019
https://repo1.dso.mil/dsop/opensource/apache/nifi
https://repo1.dso.mil/dsop/opensource/apache/nifi-registry
https://repo1.dso.mil/dsop/opensource/prometheus/node-exporter
https://repo1.dso.mil/dsop/opensource/postgres/postgresql12
https://repo1.dso.mil/dsop/opensource/postgres/postgresql-15/postgresql15
https://repo1.dso.mil/dsop/opensource/postgres/postgresql-15/postgresql15-alpine
https://repo1.dso.mil/dsop/opensource/prometheus/prometheus
https://repo1.dso.mil/dsop/opensource/redis/redis6
https://repo1.dso.mil/dsop/opensource/redis/redis7
https://repo1.dso.mil/dsop/opensource/wordpress/wordpress
https://repo1.dso.mil/dsop/opensource/grafana/grafana
https://repo1.dso.mil/dsop/elastic/kibana/kibana
https://repo1.dso.mil/dsop/hashicorp/vault/1.14
https://repo1.dso.mil/dsop/opensource/grafana/promtail
https://repo1.dso.mil/dsop/elastic/beats/metricbeat
https://repo1.dso.mil/dsop/opensource/gruntwork-io/terragrunt
https://repo1.dso.mil/dsop/elastic/beats/filebeat
https://repo1.dso.mil/dsop/elastic/beats/heartbeat
https://repo1.dso.mil/dsop/elastic/beats/packetbeat
https://repo1.dso.mil/dsop/opensource/ansible/ansible
https://repo1.dso.mil/dsop/elastic/beats/auditbeat
https://repo1.dso.mil/dsop/opensource/containers/buildah
https://repo1.dso.mil/dsop/opensource/certtool/certtool
https://repo1.dso.mil/dsop/opensource/coredns/coredns
https://repo1.dso.mil/dsop/opensource/apache/couchdb_3
https://repo1.dso.mil/dsop/opensource/dexidp/dex
https://repo1.dso.mil/dsop/opensource/openpolicyagent/gatekeeper
https://repo1.dso.mil/dsop/opensource/prometheus/jmx-exporter
https://repo1.dso.mil/dsop/opensource/metabase/metabase
https://repo1.dso.mil/dsop/opensource/minio/minio
https://repo1.dso.mil/dsop/opensource/mongodb/mongodb_7.x
https://repo1.dso.mil/dsop/opensource/openpolicyagent/opa
https://repo1.dso.mil/dsop/f18-navy-boeing/osee/osee-postgres
https://repo1.dso.mil/dsop/opensource/pgadmin
https://repo1.dso.mil/dsop/opensource/containers/podman
https://repo1.dso.mil/dsop/opensource/postfix
https://repo1.dso.mil/dsop/opensource/prometheus/postgres-exporter
https://repo1.dso.mil/dsop/opensource/containers/skopeo
https://repo1.dso.mil/dsop/opensource/solr/solr-8
https://repo1.dso.mil/dsop/opensource/grafana/tempo
https://repo1.dso.mil/dsop/opensource/tflint/tflint
https://repo1.dso.mil/dsop/opensource/tika/tika
https://repo1.dso.mil/dsop/opensource/apache/tomcat-openjdk11
https://repo1.dso.mil/dsop/opensource/apache/tomcat10-openjdk17
https://repo1.dso.mil/dsop/opensource/apache/tomcat9-openjdk11
https://repo1.dso.mil/dsop/opensource/zeek/zeek
https://repo1.dso.mil/dsop/opensource/ansible/ansible-operator
https://repo1.dso.mil/dsop/opensource/prometheus/blackbox_exporter
https://repo1.dso.mil/dsop/hashicorp/boundary/boundary
https://repo1.dso.mil/dsop/opensource/cassproject/cass
https://repo1.dso.mil/dsop/opensource/ceph/ceph
https://repo1.dso.mil/dsop/gitlab/gitlab/certificates
https://repo1.dso.mil/dsop/gitlab/gitlab/cfssl-self-sign
https://repo1.dso.mil/dsop/opensource/clickhouse/clickhouse
https://repo1.dso.mil/dsop/opensource/minio/console
https://repo1.dso.mil/dsop/opensource/elasticdump/elasticsearch-dump
https://repo1.dso.mil/dsop/gitlab/gitlab/gitlab-container-registry
https://repo1.dso.mil/dsop/big-bang/grafana/grafana-plugins
https://repo1.dso.mil/dsop/opensource/haproxy/haproxy-latest
https://repo1.dso.mil/dsop/opensource/stedolan/jq
https://repo1.dso.mil/dsop/opensource/k6/k6
https://repo1.dso.mil/dsop/opensource/kubernetes/ingress-nginx/kube-webhook-certgen
https://repo1.dso.mil/dsop/opensource/kubernetes/1.27/kubectl
https://repo1.dso.mil/dsop/opensource/kubernetes-sigs/metrics-server
https://repo1.dso.mil/dsop/opensource/mkdocs/mkdocs-material
https://repo1.dso.mil/dsop/opensource/molecule/molecule
https://repo1.dso.mil/dsop/opensource/moodle
https://repo1.dso.mil/dsop/opensource/openldap
https://repo1.dso.mil/dsop/opensource/redis/redis-sentinel
https://repo1.dso.mil/dsop/opensource/docker/registry-v2
https://repo1.dso.mil/dsop/opensource/vale/vale
https://repo1.dso.mil/dsop/opensource/grafana/alloy
https://repo1.dso.mil/dsop/big-bang/argocd
https://repo1.dso.mil/dsop/opensource/kyverno/kyverno/background-controller
https://repo1.dso.mil/dsop/opensource/apache/camel-k
https://repo1.dso.mil/dsop/opensource/kyverno/kyverno/cleanup-controller
https://repo1.dso.mil/dsop/elastic/eck-operator/eck-operator
https://repo1.dso.mil/dsop/opensource/fluentd/fluentd-kubernetes-daemonset
https://repo1.dso.mil/dsop/gitlab/gitlab/gitaly
https://repo1.dso.mil/dsop/gitlab/gitlab/gitlab-exporter
https://repo1.dso.mil/dsop/gitlab/gitlab/gitlab-kas
https://repo1.dso.mil/dsop/gitlab/gitlab/gitlab-workhorse
https://repo1.dso.mil/dsop/fluxcd/helm-controller
https://repo1.dso.mil/dsop/fluxcd/image-automation-controller
https://repo1.dso.mil/dsop/fluxcd/image-reflector-controller
https://repo1.dso.mil/dsop/kiwigrid/k8s-sidecar
https://repo1.dso.mil/dsop/opensource/apache/kafka-bridge
https://repo1.dso.mil/dsop/kong/kong/kongkic
https://repo1.dso.mil/dsop/fluxcd/kustomize-controller
https://repo1.dso.mil/dsop/opensource/synadia/nats-server
https://repo1.dso.mil/dsop/fluxcd/notification-controller
https://repo1.dso.mil/dsop/opensource/minio/operator
https://repo1.dso.mil/dsop/opensource/minio/operator-sidecar
https://repo1.dso.mil/dsop/opensource/prometheus-operator/prometheus-config-reloader
https://repo1.dso.mil/dsop/opensource/prometheus-operator/prometheus-operator
https://repo1.dso.mil/dsop/opensource/kyverno/kyverno/reports-controller
https://repo1.dso.mil/dsop/fluxcd/source-controller
https://repo1.dso.mil/dsop/opensource/grafana/tempo-query
https://repo1.dso.mil/dsop/opensource/apache/tomcat-openjdk8
https://repo1.dso.mil/dsop/hashicorp/vault-k8s
https://repo1.dso.mil/dsop/opensource/velero/velero