https://repo1.dso.mil/dsop/opensource/ansible/ansible-lint
https://repo1.dso.mil/dsop/opensource/apache/apache2
https://repo1.dso.mil/dsop/opensource/bats/bats
https://repo1.dso.mil/dsop/hashicorp/consul/1.17
https://repo1.dso.mil/dsop/elastic/elasticsearch/elasticsearch
https://repo1.dso.mil/dsop/opensource/etcd/etcd
https://repo1.dso.mil/dsop/opensource/fluent/fluent-bit
https://repo1.dso.mil/dsop/opensource/fluentd/fluentd
https://repo1.dso.mil/dsop/opensource/fluentd/fluentd-elasticsearch
https://repo1.dso.mil/dsop/opensource/git-lfs/git-lfs
https://repo1.dso.mil/dsop/opensource/hadolint/hadolint
https://repo1.dso.mil/dsop/opensource/haproxy/haproxy20
https://repo1.dso.mil/dsop/opensource/haproxy/haproxy22
https://repo1.dso.mil/dsop/opensource/haproxy/haproxy24
https://repo1.dso.mil/dsop/opensource/mariadb/mariadb105
https://repo1.dso.mil/dsop/opensource/mariadb/mariadb106
https://repo1.dso.mil/dsop/opensource/minio/mc
https://repo1.dso.mil/dsop/opensource/memcached/memcached
https://repo1.dso.mil/dsop/opensource/mongodb/mongodb
https://repo1.dso.mil/dsop/opensource/mysql/mysql8
https://repo1.dso.mil/dsop/opensource/nginx/nginx
https://repo1.dso.mil/dsop/opensource/nginx/nginx-alpine
https://repo1.dso.mil/dsop/opensource/pause/pause
https://repo1.dso.mil/dsop/opensource/redis/redis6-alpine
https://repo1.dso.mil/dsop/opensource/shellcheck/shellcheck
https://repo1.dso.mil/dsop/opensource/sqlite/sqlite
https://repo1.dso.mil/dsop/hashicorp/terraform/1.7
https://repo1.dso.mil/dsop/opensource/traefik/traefik
https://repo1.dso.mil/dsop/opensource/yq/yq
https://repo1.dso.mil/dsop/opensource/apache/zookeeper
https://repo1.dso.mil/dsop/opensource/apache/airflow/airflow
https://repo1.dso.mil/dsop/opensource/prometheus/alertmanager
https://repo1.dso.mil/dsop/bitnami/influxdb
https://repo1.dso.mil/dsop/bitnami/postgres/postgresql11
https://repo1.dso.mil/dsop/bitnami/rabbitmq/rabbitmq312
https://repo1.dso.mil/dsop/opensource/cassandra/cassandra
https://repo1.dso.mil/dsop/opensource/keycloak/keycloak
https://repo1.dso.mil/dsop/kong/kong/kong
https://repo1.dso.mil/dsop/elastic/logstash/logstash
https://repo1.dso.mil/dsop/opensource/grafana/loki
https://repo1.dso.mil/dsop/microsoft/microsoft/microsoft-sql-server-2019
https://repo1.dso.mil/dsop/opensource/apache/nifi
https://repo1.dso.mil/dsop/opensource/apache/nifi-registry
https://repo1.dso.mil/dsop/opensource/prometheus/node-exporter
https://repo1.dso.mil/dsop/opensource/postgres/postgresql12
https://repo1.dso.mil/dsop/opensource/postgres/postgresql-15/postgresql15
https://repo1.dso.mil/dsop/opensource/postgres/postgresql-15/postgresql15-alpine
https://repo1.dso.mil/dsop/opensource/prometheus/prometheus
https://repo1.dso.mil/dsop/opensource/redis/redis6
https://repo1.dso.mil/dsop/opensource/redis/redis7
https://repo1.dso.mil/dsop/opensource/wordpress/wordpress
https://repo1.dso.mil/dsop/opensource/grafana/grafana
https://repo1.dso.mil/dsop/elastic/kibana/kibana
https://repo1.dso.mil/dsop/hashicorp/vault/1.14
https://repo1.dso.mil/dsop/opensource/grafana/promtail
https://repo1.dso.mil/dsop/elastic/beats/metricbeat
https://repo1.dso.mil/dsop/opensource/gruntwork-io/terragrunt
https://repo1.dso.mil/dsop/elastic/beats/filebeat
https://repo1.dso.mil/dsop/elastic/beats/heartbeat
https://repo1.dso.mil/dsop/elastic/beats/packetbeat
