projects/dsop%2Fbitnami%2Fpostgres%2Fpostgresql11/pipelines
projects/dsop%2Fopensource%2Fredis%2Fredis6/pipelines
projects/dsop%2Fbitnami%2Frabbitmq%2Frabbitmq312/pipelines
projects/dsop%2Fopensource%2Fapache%2Fcouchdb_3/pipelines
projects/dsop%2Fbitnami%2Finfluxdb/pipelines
projects/dsop%2Fopensource%2Fpostgres%2Fpostgresql-15%2Fpostgresql15/pipelines
projects/dsop%2Fbitnami%2Fredis/pipelines
projects/dsop%2Fbitnami%2Fmysql8/pipelines
projects/dsop%2Felastic%2Fkibana%2Fkibana/pipelines
projects/dsop%2Fopensource%2Ffluentd%2Ffluentd/pipelines
projects/dsop%2Fopensource%2Fkeycloak%2Fkeycloak/pipelines
projects/dsop%2Fopensource%2Fansible%2Fansible-lint/pipelines
projects/dsop%2Fopensource%2Fapache%2Fapache2/pipelines
projects/dsop%2Fopensource%2Fbats%2Fbats/pipelines
projects/dsop%2Fhashicorp%2Fconsul%2F1.17/pipelines
projects/dsop%2Felastic%2Felasticsearch%2Felasticsearch/pipelines
projects/dsop%2Fopensource%2Fetcd%2Fetcd/pipelines
projects/dsop%2Fopensource%2Ffluent%2Ffluent-bit/pipelines
projects/dsop%2Fopensource%2Ffluentd%2Ffluentd/pipelines
projects/dsop%2Fopensource%2Ffluentd%2Ffluentd-elasticsearch/pipelines
projects/dsop%2Fopensource%2Fgit-lfs%2Fgit-lfs/pipelines
projects/dsop%2Fopensource%2Fhadolint%2Fhadolint/pipelines
projects/dsop%2Fopensource%2Fhaproxy%2Fhaproxy20/pipelines
projects/dsop%2Fopensource%2Fhaproxy%2Fhaproxy22/pipelines
projects/dsop%2Fopensource%2Fhaproxy%2Fhaproxy24/pipelines
projects/dsop%2Fopensource%2Fmariadb%2Fmariadb105/pipelines
projects/dsop%2Fopensource%2Fmariadb%2Fmariadb106/pipelines
projects/dsop%2Fopensource%2Fminio%2Fmc/pipelines
projects/dsop%2Fopensource%2Fmemcached%2Fmemcached/pipelines
projects/dsop%2Fopensource%2Fmongodb%2Fmongodb/pipelines
projects/dsop%2Fopensource%2Fmysql%2Fmysql8/pipelines
projects/dsop%2Fopensource%2Fnginx%2Fnginx/pipelines
projects/dsop%2Fopensource%2Fnginx%2Fnginx-alpine/pipelines
projects/dsop%2Fopensource%2Fpause%2Fpause/pipelines
projects/dsop%2Fopensource%2Fredis%2Fredis6-alpine/pipelines
projects/dsop%2Fopensource%2Fshellcheck%2Fshellcheck/pipelines
projects/dsop%2Fopensource%2Fsqlite%2Fsqlite/pipelines
projects/dsop%2Fhashicorp%2Fterraform%2F1.7/pipelines
projects/dsop%2Fopensource%2Ftraefik%2Ftraefik/pipelines
projects/dsop%2Fopensource%2Fyq%2Fyq/pipelines
projects/dsop%2Fopensource%2Fapache%2Fzookeeper/pipelines
