projects/dsop%2Fbitnami%2Fpostgres%2Fpostgresql11/pipelines
projects/dsop%2Fopensource%2Fredis%2Fredis6/pipelines
projects/dsop%2Fbitnami%2Frabbitmq%2Frabbitmq312/pipelines
projects/dsop%2Fopensource%2Fapache%2Fcouchdb_3/pipelines
projects/dsop%2Fbitnami%2Finfluxdb/pipelines
projects/dsop%2Fopensource%2Fpostgres%2Fpostgresql-15%2Fpostgresql15/pipelines
projects/dsop%2Fbitnami%2Fredis/pipelines
projects/dsop%2Fbitnami%2Fmysql8/pipelines
projects/dsop%2Felastic%2Fkibana%2Fkibana/pipelines
projects/dsop%2Fopensource%2Ffluentd%2Ffluentd/pipelines
projects/dsop%2Fopensource%2Fkeycloak%2Fkeycloak/pipelines
projects/dsop%2Fopensource%2Fansible%2Fansible-lint/pipelines
projects/dsop%2Fopensource%2Fapache%2Fapache2/pipelines
projects/dsop%2Fopensource%2Fbats%2Fbats/pipelines
projects/dsop%2Fhashicorp%2Fconsul%2F1.17/pipelines
projects/dsop%2Felastic%2Felasticsearch%2Felasticsearch/pipelines
projects/dsop%2Fopensource%2Fetcd%2Fetcd/pipelines
projects/dsop%2Fopensource%2Ffluent%2Ffluent-bit/pipelines
projects/dsop%2Fopensource%2Ffluentd%2Ffluentd/pipelines
projects/dsop%2Fopensource%2Ffluentd%2Ffluentd-elasticsearch/pipelines
projects/dsop%2Fopensource%2Fgit-lfs%2Fgit-lfs/pipelines
projects/dsop%2Fopensource%2Fhadolint%2Fhadolint/pipelines
projects/dsop%2Fopensource%2Fhaproxy%2Fhaproxy20/pipelines
projects/dsop%2Fopensource%2Fhaproxy%2Fhaproxy22/pipelines
projects/dsop%2Fopensource%2Fhaproxy%2Fhaproxy24/pipelines
projects/dsop%2Fopensource%2Fmariadb%2Fmariadb105/pipelines
projects/dsop%2Fopensource%2Fmariadb%2Fmariadb106/pipelines
projects/dsop%2Fopensource%2Fminio%2Fmc/pipelines
projects/dsop%2Fopensource%2Fmemcached%2Fmemcached/pipelines
projects/dsop%2Fopensource%2Fmongodb%2Fmongodb/pipelines
projects/dsop%2Fopensource%2Fmysql%2Fmysql8/pipelines
projects/dsop%2Fopensource%2Fnginx%2Fnginx/pipelines
projects/dsop%2Fopensource%2Fnginx%2Fnginx-alpine/pipelines
projects/dsop%2Fopensource%2Fpause%2Fpause/pipelines
projects/dsop%2Fopensource%2Fredis%2Fredis6-alpine/pipelines
projects/dsop%2Fopensource%2Fshellcheck%2Fshellcheck/pipelines
projects/dsop%2Fopensource%2Fsqlite%2Fsqlite/pipelines
projects/dsop%2Fhashicorp%2Fterraform%2F1.7/pipelines
projects/dsop%2Fopensource%2Ftraefik%2Ftraefik/pipelines
projects/dsop%2Fopensource%2Fyq%2Fyq/pipelines
projects/dsop%2Fopensource%2Fapache%2Fzookeeper/pipelines
projects/dsop%2Fopensource%2Fansible%2Fansible/pipelines
projects/dsop%2Felastic%2Fbeats%2Fauditbeat/pipelines
projects/dsop%2Fopensource%2Fcontainers%2Fbuildah/pipelines
projects/dsop%2Fopensource%2Fcerttool%2Fcerttool/pipelines
projects/dsop%2Fopensource%2Fcoredns%2Fcoredns/pipelines
projects/dsop%2Fopensource%2Fapache%2Fcouchdb_3/pipelines
projects/dsop%2Fopensource%2Fdexidp%2Fdex/pipelines
projects/dsop%2Fbitnami%2Felasticsearch-exporter/pipelines
projects/dsop%2Fopensource%2Fopenpolicyagent%2Fgatekeeper/pipelines
projects/dsop%2Fopensource%2Fprometheus%2Fjmx-exporter/pipelines
projects/dsop%2Fopensource%2Fmetabase%2Fmetabase/pipelines
projects/dsop%2Fopensource%2Fminio%2Fminio/pipelines
projects/dsop%2Fopensource%2Fmongodb%2Fmongodb_7.x/pipelines
projects/dsop%2Fopensource%2Fopenpolicyagent%2Fopa/pipelines
projects/dsop%2Ff18-navy-boeing%2Fosee%2Fosee-postgres/pipelines
projects/dsop%2Fopensource%2Fpgadmin/pipelines
projects/dsop%2Fopensource%2Fcontainers%2Fpodman/pipelines
projects/dsop%2Fopensource%2Fpostfix/pipelines
projects/dsop%2Fopensource%2Fprometheus%2Fpostgres-exporter/pipelines
projects/dsop%2Fbitnami%2Fredis/pipelines
projects/dsop%2Fbitnami%2Fanalytics%2Fredis-exporter/pipelines
projects/dsop%2Fopensource%2Fcontainers%2Fskopeo/pipelines
projects/dsop%2Fopensource%2Fsolr%2Fsolr-8/pipelines
projects/dsop%2Fopensource%2Fgrafana%2Ftempo/pipelines
projects/dsop%2Fopensource%2Ftflint%2Ftflint/pipelines
projects/dsop%2Fopensource%2Ftika%2Ftika/pipelines
projects/dsop%2Fopensource%2Fapache%2Ftomcat-openjdk11/pipelines
projects/dsop%2Fopensource%2Fapache%2Ftomcat10-openjdk17/pipelines
projects/dsop%2Fopensource%2Fapache%2Ftomcat9-openjdk11/pipelines
projects/dsop%2Fopensource%2Fzeek%2Fzeek/pipelines
projects/dsop%2Fbitnami%2Fairflow-scheduler/pipelines
projects/dsop%2Fbitnami%2Fairflow-worker/pipelines
projects/dsop%2Fopensource%2Fansible%2Fansible-operator/pipelines
projects/dsop%2Fopensource%2Fprometheus%2Fblackbox_exporter/pipelines
projects/dsop%2Fhashicorp%2Fboundary%2Fboundary/pipelines
projects/dsop%2Fopensource%2Fcassproject%2Fcass/pipelines
projects/dsop%2Fopensource%2Fceph%2Fceph/pipelines
projects/dsop%2Fgitlab%2Fgitlab%2Fcertificates/pipelines
projects/dsop%2Fgitlab%2Fgitlab%2Fcfssl-self-sign/pipelines
projects/dsop%2Fopensource%2Fclickhouse%2Fclickhouse/pipelines
projects/dsop%2Fopensource%2Fminio%2Fconsole/pipelines
projects/dsop%2Fopensource%2Felasticdump%2Felasticsearch-dump/pipelines
projects/dsop%2Fgitlab%2Fgitlab%2Fgitlab-container-registry/pipelines
projects/dsop%2Fbig-bang%2Fgrafana%2Fgrafana-plugins/pipelines
projects/dsop%2Fopensource%2Fhaproxy%2Fhaproxy-latest/pipelines
projects/dsop%2Fopensource%2Fstedolan%2Fjq/pipelines
projects/dsop%2Fopensource%2Fk6%2Fk6/pipelines
projects/dsop%2Fbitnami%2Fkafka/pipelines
projects/dsop%2Fbitnami%2Fkafka-exporter/pipelines
projects/dsop%2Fopensource%2Fkubernetes%2Fingress-nginx52Fkube-webhook-certgen/pipelines
projects/dsop%2Fopensource%2Fkubernetes%2F1.27%2Fkubectl/pipelines
projects/dsop%2Fopensource%2Fkubernetes-sigs%2Fmetrics-server/pipelines
projects/dsop%2Fopensource%2Fmkdocs%2Fmkdocs-material/pipelines
projects/dsop%2Fopensource%2Fmolecule%2Fmolecule/pipelines
projects/dsop%2Fopensource%2Fmoodle/pipelines
projects/dsop%2Fopensource%2Fopenldap/pipelines
projects/dsop%2Fbitnami%2Fpostgres%2Fpostgresql16/pipelines
projects/dsop%2Fopensource%2Fredis%2Fredis-sentinel/pipelines
projects/dsop%2Fopensource%2Fdocker%2Fregistry-v2/pipelines
projects/dsop%2Fopensource%2Fvale%2Fvale/pipelines
projects/dsop%2Ffluxcd%2Fhelm-controller/pipelines
projects/dsop%2Ffluxcd%2Fimage-automation-controller/pipelines
projects/dsop%2Ffluxcd%2Fimage-reflector-controller/pipelines
projects/dsop%2Ffluxcd%2Fkustomize-controller/pipelines
projects/dsop%2Ffluxcd%2Fnotification-controller/pipelines
projects/dsop%2Ffluxcd%2Fsource-controller/pipelines
projects/dsop%2Fhashicorp%2Fvault-k8s/pipelines
projects/dsop%2Fkiwigrid%2Fk8s-sidecar/pipelines
projects/dsop%2Fopensource%2Fgrafana%2Falloy/pipelines
projects/dsop%2Fopensource%2Fvelero%2Fvelero/pipelines
projects/dsop%2Fopensource%2Fkyverno%2Fkyverno%2Fbackground-controller/pipelines
projects/dsop%2Fopensource%2Fkyverno%2Fkyverno%2Fcleanup-controller/pipelines
projects/dsop%2Fopensource%2Fprometheus-operator%2Fprometheus-operator/pipelines
projects/dsop%2Fopensource%2Fkyverno%2Fkyverno%2Freports-controller/pipelines
projects/dsop%2Felastic%2Feck-operator%2Feck-operator/pipelines
projects/dsop%2Fopensource%2Ffluentd%2Ffluentd-kubernetes-daemonset/pipelines
projects/dsop%2Fopensource%2Fprometheus-operator%2Fprometheus-config-reloader/pipelines
projects/dsop%2Fopensource%2Fthanos%2Fthanos/pipelines
projects/dsop%2Fgitlab%2Fgitlab%2Fgitlab-exporter/pipelines
projects/dsop%2Fgitlab%2Fgitlab%2Fgitlab-kas/pipelines
projects/dsop%2Fopensource%2Fminio%2Foperator-sidecar/pipelines
projects/dsop%2Fbig-bang%2Fargocd/pipelines
projects/dsop%2Fopensource%2Fgrafana%2Ftempo-query/pipelines
projects/dsop%2Fopensource%2Fminio%2Foperator/pipelines
projects/dsop%2Fopensource%2Fsynadia%2Fnats-server/pipelines
projects/dsop%2Fopensource%2Fapache%2Fkafka-bridge/pipelines
projects/dsop%2Fkong%2Fkong%2Fkongkic/pipelines
projects/dsop%2Fopensource%2Fcockroachdb%2Fcockroachdb/pipelines
projects/dsop%2Fopensource%2Fapache%2Fcamel-k/pipelines
projects/dsop%2Fbitnami%2Fpostgresql-repmgr/pipelines
projects/dsop%2Fbig-bang%2Fcluster-auditor%2Fopa-exporter/pipelines
